C51 COMPILER V9.60.0.0   _MAIN_DEFINES                                                     09/17/2021 22:04:41 PAGE 1   


C51 COMPILER V9.60.0.0, COMPILATION OF MODULE _MAIN_DEFINES
OBJECT MODULE PLACED IN .\Objects\_main_defines.obj
COMPILER INVOKED BY: C:\Keil_v5\C51\BIN\C51.EXE _main_defines.c OPTIMIZE(8,SPEED) BROWSE DEBUG OBJECTEXTEND PRINT(.\List
                    -ings\_main_defines.lst) TABS(2) OBJECT(.\Objects\_main_defines.obj)

line level    source

   1          #include "_delay_ms.h"
   2          #include "_lcd_headers.h"
   3          #include "_main_headers.h"
   4          _U8 x;
   5          
   6          void delay_3()
   7          {
   8   1        _delay_ms(3000);
   9   1      }
  10          
  11          void set_str()
  12          {
  13   1        _lcd_stringData("Set Tmp");
  14   1      }
  15          
  16          void back_loop(_U8 u,_U8 *pass)
  17          {
  18   1        for(x=0;x<u;x++)
  19   1          _write_data(pass[x]);
  20   1      }
  21          
  22          void sucess_str()
  23          {
  24   1        _lcd_stringData("Sucess");
  25   1      }
  26          
  27          void pass_str()
  28          {
  29   1        _lcd_stringData("Enter 5 Digt Pass : ");
  30   1      }
  31          
  32          void _lcd_2ndLine()
  33          {
  34   1        _write_cmd(0xc0);
  35   1      }
  36          
  37          void _lcd_cmd()
  38          {
  39   1            _write_cmd(0x01);
  40   1            _write_cmd(0x80);
  41   1      }
  42          
  43            


MODULE INFORMATION:   STATIC OVERLAYABLE
   CODE SIZE        =     91    ----
   CONSTANT SIZE    =     36    ----
   XDATA SIZE       =   ----    ----
   PDATA SIZE       =   ----    ----
   DATA SIZE        =      1       4
   IDATA SIZE       =   ----    ----
   BIT SIZE         =   ----    ----
END OF MODULE INFORMATION.

C51 COMPILER V9.60.0.0   _MAIN_DEFINES                                                     09/17/2021 22:04:41 PAGE 2   


C51 COMPILATION COMPLETE.  0 WARNING(S),  0 ERROR(S)
