C51 COMPILER V9.60.7.0   MAINDEFINES                                                       12/14/2024 20:52:34 PAGE 1   


C51 COMPILER V9.60.7.0, COMPILATION OF MODULE MAINDEFINES
OBJECT MODULE PLACED IN .\Objects\mainDefines.obj
COMPILER INVOKED BY: C:\Keil_v5\C51\BIN\C51.EXE mainDefines.c OPTIMIZE(8,SPEED) BROWSE DEBUG OBJECTEXTEND PRINT(.\Listin
                    -gs\mainDefines.lst) TABS(2) OBJECT(.\Objects\mainDefines.obj)

line level    source

   1          #include "dlyMs.h"
   2          #include "lcdHeaders.h"
   3          #include "mainHeaders.h"
   4          
   5          u8 x;
   6          
   7          void delay_3()
   8          {
   9   1        dlyMs(3000);
  10   1      }
  11          
  12          void set_str()
  13          {
  14   1        lcd_stringData("Set Tmp");
  15   1      }
  16          
  17          void back_loop(u8 u,u8 *pass)
  18          {
  19   1        for(x=0;x<u;x++)
  20   1          write_data(pass[x]);
  21   1      }
  22          
  23          void sucess_str()
  24          {
  25   1        lcd_stringData("Sucess");
  26   1      }
  27          
  28          void pass_str()
  29          {
  30   1        lcd_stringData("Enter 5 Digt Pass : ");
  31   1      }
  32          
  33          void lcd_2ndLine()
  34          {
  35   1        write_cmd(0xc0);
  36   1      }
  37          
  38          void lcd_cmd()
  39          {
  40   1        write_cmd(0x01);
  41   1        write_cmd(0x80);
  42   1      }


MODULE INFORMATION:   STATIC OVERLAYABLE
   CODE SIZE        =     91    ----
   CONSTANT SIZE    =     36    ----
   XDATA SIZE       =   ----    ----
   PDATA SIZE       =   ----    ----
   DATA SIZE        =      1       4
   IDATA SIZE       =   ----    ----
   BIT SIZE         =   ----    ----
END OF MODULE INFORMATION.


C51 COMPILATION COMPLETE.  0 WARNING(S),  0 ERROR(S)
